=== RUN   TestPropsDefault
--- PASS: TestPropsDefault (0.00s)
=== RUN   TestPropsGet
--- PASS: TestPropsGet (0.00s)
=== RUN   TestPropsGetWithNilValues
--- PASS: TestPropsGetWithNilValues (0.00s)
=== RUN   TestElementDefault
--- PASS: TestElementDefault (0.00s)
=== RUN   TestElementWithID
--- PASS: TestElementWithID (0.00s)
=== RUN   TestElementWithText
--- PASS: TestElementWithText (0.00s)
=== RUN   TestElementWithStyle
--- PASS: TestElementWithStyle (0.00s)
=== RUN   TestElementWithChildren
--- PASS: TestElementWithChildren (0.00s)
=== RUN   TestPropsPadding
--- PASS: TestPropsPadding (0.00s)
=== RUN   TestLayoutPropsDefault
--- PASS: TestLayoutPropsDefault (0.00s)
=== RUN   TestMarkdownContentDefault
--- PASS: TestMarkdownContentDefault (0.00s)
=== RUN   TestElementWithMarkdown
--- PASS: TestElementWithMarkdown (0.00s)
=== RUN   TestElementOverlay
--- PASS: TestElementOverlay (0.00s)
=== RUN   TestSizing
--- PASS: TestSizing (0.00s)
=== RUN   TestSizingZeroValue
--- PASS: TestSizingZeroValue (0.00s)
=== RUN   TestNewFocusManager
--- PASS: TestNewFocusManager (0.00s)
=== RUN   TestSetAndGetFocus
--- PASS: TestSetAndGetFocus (0.00s)
=== RUN   TestSetFocusEmptyClearsFocus
--- PASS: TestSetFocusEmptyClearsFocus (0.00s)
=== RUN   TestSetOrder
--- PASS: TestSetOrder (0.00s)
=== RUN   TestNextFocus
--- PASS: TestNextFocus (0.00s)
=== RUN   TestNextFocusWithEmptyOrder
--- PASS: TestNextFocusWithEmptyOrder (0.00s)
=== RUN   TestPrevFocus
--- PASS: TestPrevFocus (0.00s)
=== RUN   TestPrevFocusWithEmptyOrder
--- PASS: TestPrevFocusWithEmptyOrder (0.00s)
=== RUN   TestNextFocusWhenCurrentNotInOrder
--- PASS: TestNextFocusWhenCurrentNotInOrder (0.00s)
=== RUN   TestPrevFocusWhenCurrentNotInOrder
--- PASS: TestPrevFocusWhenCurrentNotInOrder (0.00s)
=== RUN   TestPushAndPopFocus
--- PASS: TestPushAndPopFocus (0.00s)
=== RUN   TestPopFocusWithEmptyStack
--- PASS: TestPopFocusWithEmptyStack (0.00s)
=== RUN   TestPushFocusWhenNoCurrentFocus
--- PASS: TestPushFocusWhenNoCurrentFocus (0.00s)
=== RUN   TestGlobalFocusFunctions
--- PASS: TestGlobalFocusFunctions (0.00s)
=== RUN   TestFocusManagerConcurrency
--- PASS: TestFocusManagerConcurrency (0.00s)
=== RUN   TestIndexOf
--- PASS: TestIndexOf (0.00s)
=== RUN   TestUseState
--- PASS: TestUseState (0.00s)
=== RUN   TestUseStateMultiple
--- PASS: TestUseStateMultiple (0.00s)
=== RUN   TestUseStateSetOrder
--- PASS: TestUseStateSetOrder (0.00s)
=== RUN   TestUseStateKeyed
--- PASS: TestUseStateKeyed (0.00s)
=== RUN   TestUseStateKeyedSameKey
--- PASS: TestUseStateKeyedSameKey (0.00s)
=== RUN   TestUseEffect
--- PASS: TestUseEffect (0.00s)
=== RUN   TestCreateContext
--- PASS: TestCreateContext (0.00s)
=== RUN   TestContextProvideAndUse
--- PASS: TestContextProvideAndUse (0.00s)
=== RUN   TestContextNested
--- PASS: TestContextNested (0.00s)
=== RUN   TestContextWithPanic
--- PASS: TestContextWithPanic (0.00s)
=== RUN   TestResetComponentState
--- PASS: TestResetComponentState (0.00s)
=== RUN   TestGrowWeightDistribution
--- PASS: TestGrowWeightDistribution (0.00s)
=== RUN   TestGrowDistributionNoRoundingLossAtLastChild
--- PASS: TestGrowDistributionNoRoundingLossAtLastChild (0.00s)
=== RUN   TestJustifySpaceBetweenPacksEdges
--- PASS: TestJustifySpaceBetweenPacksEdges (0.00s)
=== RUN   TestJustifySpaceBetweenIntegerDivisionSlack
--- PASS: TestJustifySpaceBetweenIntegerDivisionSlack (0.00s)
=== RUN   TestAlignStretchOverridesExplicitChildCrossSize
--- PASS: TestAlignStretchOverridesExplicitChildCrossSize (0.00s)
=== RUN   TestAlignStartRespectsExplicitChildCrossSize
--- PASS: TestAlignStartRespectsExplicitChildCrossSize (0.00s)
=== RUN   TestZeroValueSizingDefaultsToFixedZero
--- PASS: TestZeroValueSizingDefaultsToFixedZero (0.00s)
=== RUN   TestReflowFiresBeforeGrowResolutionInColumn
--- PASS: TestReflowFiresBeforeGrowResolutionInColumn (0.00s)
=== RUN   TestReflowFiresAfterGrowResolutionInRow
--- PASS: TestReflowFiresAfterGrowResolutionInRow (0.00s)
=== RUN   TestEffectCleanupOnUnmount
[H[2J[3J[?25l[?2004h--- PASS: TestEffectCleanupOnUnmount (0.00s)
=== RUN   TestStateTruncation
[H[2J[3J[?25l[?2004h--- PASS: TestStateTruncation (0.00s)
=== RUN   TestEffectDependencyChangeCleanup
[H[2J[3J[?25l[?2004h--- PASS: TestEffectDependencyChangeCleanup (0.00s)
=== RUN   TestRenderMemoryLeak
[H[2J[3J[?25l[?2004h--- PASS: TestRenderMemoryLeak (0.08s)
=== RUN   TestNewApp
[H[2J[3J[?25l[?2004h--- PASS: TestNewApp (0.00s)
=== RUN   TestNewAppDimensions
[H[2J[3J[?25l[?2004h--- PASS: TestNewAppDimensions (0.00s)
=== RUN   TestAppRender
[H[2J[3J[?25l[?2004h--- PASS: TestAppRender (0.01s)
=== RUN   TestAppRenderWithState
[H[2J[3J[?25l[?2004h--- PASS: TestAppRenderWithState (0.00s)
=== RUN   TestExit
--- PASS: TestExit (0.00s)
=== RUN   TestAppRun
[H[2J[3J[?25l[?2004h[H[2J[3J[?25l[?2004h--- PASS: TestAppRun (0.01s)
=== RUN   TestAppRunWithPanic
[H[2J[3J[?25l[?2004h[H[2J[3J[?25l[?2004h--- PASS: TestAppRunWithPanic (0.11s)
=== RUN   TestKeyHandlingInApp
[H[2J[3J[?25l[?2004h--- PASS: TestKeyHandlingInApp (0.00s)
=== RUN   TestTicker
[H[2J[3J[?25l[?2004h--- PASS: TestTicker (0.00s)
PASS
ok  	github.com/subhasundardass/retui/retui	(cached)
